; ModuleID = '0xcafe__BasicCoin'
source_filename = "/home/sol/work/git/move/language/tools/move-mv-llvm-compiler/tests/cli-tests/basic-coin.move"
target datalayout = "e-m:e-p:64:64-i64:64-n32:64-S128"
target triple = "sbf-solana-solana"

declare i32 @memcmp(ptr, ptr, i64)
